// Jest Snapshot v1, https://goo.gl/fbAQLP

exports[`<Titile /> should render childs 1`] = `
<StaticRouter
  basename=""
  context={
    Object {
      "title": "test title",
    }
  }
  location="/"
>
  <Router
    history={
      Object {
        "action": "POP",
        "block": [Function],
        "createHref": [Function],
        "go": [Function],
        "goBack": [Function],
        "goForward": [Function],
        "listen": [Function],
        "location": Object {
          "hash": "",
          "pathname": "/",
          "search": "",
        },
        "push": [Function],
        "replace": [Function],
      }
    }
  >
    <Title
      title="test title"
    >
      <Route
        render={[Function]}
      >
        <div>
          This is a test
        </div>
      </Route>
    </Title>
  </Router>
</StaticRouter>
`;
